docs:
  Nothing
declaration docs:
arg docs:
extensible fields:
